******************************************************************************
                  TI ARM Linker PC v5.2.7                      
******************************************************************************
>> Linked Sun Apr 03 19:27:18 2016

OUTPUT FILE NAME:   <Thermo-meter-msp432-I2C.out>
ENTRY POINT SYMBOL: "_c_int00"  address: 00000b3d


MEMORY CONFIGURATION

         name            origin    length      used     unused   attr    fill
----------------------  --------  ---------  --------  --------  ----  --------
  MAIN                  00000000   00040000  00000d06  0003f2fa  R  X
  INFO                  00200000   00004000  00000000  00004000  R  X
  SRAM_CODE             01000000   00010000  00000000  00010000  RW X
  SRAM_DATA             20000000   00010000  0000021f  0000fde1  RW  


SEGMENT ALLOCATION MAP

run origin  load origin   length   init length attrs members
----------  ----------- ---------- ----------- ----- -------
00000000    00000000    00000d08   00000d08    r-x
  00000000    00000000    00000140   00000140    r-- .intvecs
  00000140    00000140    00000b86   00000b86    r-x .text
  00000cc8    00000cc8    00000040   00000040    r-- .cinit
20000000    20000000    0000001f   00000000    rw-
  20000000    20000000    0000001e   00000000    rw- .data
  2000001e    2000001e    00000001   00000000    rw- .bss
2000fe00    2000fe00    00000200   00000000    rw-
  2000fe00    2000fe00    00000200   00000000    rw- .stack


SECTION ALLOCATION MAP

 output                                  attributes/
section   page    origin      length       input sections
--------  ----  ----------  ----------   ----------------
.intvecs   0    00000000    00000140     
                  00000000    00000140     startup_msp432p401r_ccs.obj (.intvecs:retain)

.text      0    00000140    00000b86     
                  00000140    00000328     system_msp432p401r.obj (.text)
                  00000468    00000248     libLCD.obj (.text)
                  000006b0    000001ec     diag.obj (.text)
                  0000089c    000000b0     main.obj (.text)
                  0000094c    0000009c     rtsv7M4_T_le_v4SPD16_eabi.lib : memcpy_t2.obj (.text)
                  000009e8    0000007a                                   : memset_t2.obj (.text)
                  00000a62    00000002     --HOLE-- [fill = 0]
                  00000a64    0000006c                                   : autoinit.obj (.text)
                  00000ad0    0000006a                                   : copy_decompress_rle.obj (.text)
                  00000b3a    00000002     --HOLE-- [fill = 0]
                  00000b3c    00000050                                   : boot.obj (.text)
                  00000b8c    0000004c                                   : cpy_tbl.obj (.text)
                  00000bd8    00000048     libLCD.obj (.text:LCD_sendByte)
                  00000c20    00000044     rtsv7M4_T_le_v4SPD16_eabi.lib : exit.obj (.text)
                  00000c64    00000018                                   : args_main.obj (.text)
                  00000c7c    00000014                                   : _lock.obj (.text)
                  00000c90    00000012     startup_msp432p401r_ccs.obj (.text)
                  00000ca2    0000000e     rtsv7M4_T_le_v4SPD16_eabi.lib : copy_decompress_none.obj (.text:decompress:none)
                  00000cb0    0000000c                                   : copy_zero_init.obj (.text:decompress:ZI)
                  00000cbc    00000006                                   : copy_decompress_rle.obj (.text:decompress:rle24)
                  00000cc2    00000004                                   : pre_init.obj (.text)

.cinit     0    00000cc8    00000040     
                  00000cc8    00000019     (.cinit..data.load) [load image, compression = rle]
                  00000ce1    00000003     --HOLE-- [fill = 0]
                  00000ce4    0000000c     (__TI_handler_table)
                  00000cf0    00000008     (.cinit..bss.load) [load image, compression = zero_init]
                  00000cf8    00000010     (__TI_cinit_table)

.init_array 
*          0    00000000    00000000     UNINITIALIZED

.data      0    20000000    0000001e     UNINITIALIZED
                  20000000    00000008     rtsv7M4_T_le_v4SPD16_eabi.lib : _lock.obj (.data)
                  20000008    00000008                                   : exit.obj (.data)
                  20000010    00000004     diag.obj (.data)
                  20000014    00000004     rtsv7M4_T_le_v4SPD16_eabi.lib : stkdepth_vars.obj (.data)
                  20000018    00000004     system_msp432p401r.obj (.data)
                  2000001c    00000002     libLCD.obj (.data)

.bss       0    2000001e    00000001     UNINITIALIZED
                  2000001e    00000001     (.common:B_diag_status)

.TI.persistent 
*          0    20000000    00000000     UNINITIALIZED

.TI.noinit 
*          0    2000001e    00000000     UNINITIALIZED

.stack     0    2000fe00    00000200     UNINITIALIZED
                  2000fe00    00000200     --HOLE--


LINKER GENERATED COPY TABLES

__TI_cinit_table @ 00000cf8 records: 2, size/record: 8, table size: 16
	.data: load addr=00000cc8, load size=00000019 bytes, run addr=20000000, run size=0000001e bytes, compression=rle
	.bss: load addr=00000cf0, load size=00000008 bytes, run addr=2000001e, run size=00000001 bytes, compression=zero_init


LINKER GENERATED HANDLER TABLE

__TI_handler_table @ 00000ce4 records: 3, size/record: 4, table size: 12
	index: 0, handler: __TI_decompress_rle24
	index: 1, handler: __TI_decompress_none
	index: 2, handler: __TI_zero_init


GLOBAL SYMBOLS: SORTED ALPHABETICALLY BY Name 

address   name                    
-------   ----                    
2000001e  B_diag_status           
00000c21  C$$EXIT                 
00000531  LCD_clearScreen         
00000541  LCD_init                
00000629  LCD_printChar           
00000601  LCD_printStr            
0000066f  LCD_pulseEnablePin      
00000bd9  LCD_sendByte            
0000063b  LCD_sendCommand         
0000064d  LCD_sendNibble          
000004f5  LCD_setCursorPosition   
UNDEFED   SHT$$INIT_ARRAY$$Base   
UNDEFED   SHT$$INIT_ARRAY$$Limit  
20000018  SystemCoreClock         
00000141  SystemCoreClockUpdate   
000003b5  SystemInit              
000004c3  TA0_ISR_Handler         
00000827  TA1_ISR_Handler         
000007b3  TA2_ISR_Handler         
4000480c  WDTCTL_SYM              
20010000  __STACK_END             
00000200  __STACK_SIZE            
00000cf8  __TI_CINIT_Base         
00000d08  __TI_CINIT_Limit        
00000ce4  __TI_Handler_Table_Base 
00000cf0  __TI_Handler_Table_Limit
00000a65  __TI_auto_init          
20000008  __TI_cleanup_ptr        
00000ca3  __TI_decompress_none    
00000cbd  __TI_decompress_rle24   
2000000c  __TI_dtors_ptr          
00000000  __TI_static_base__      
00000cb1  __TI_zero_init          
000009e9  __aeabi_memclr          
000009e9  __aeabi_memclr4         
000009e9  __aeabi_memclr8         
0000094d  __aeabi_memcpy          
0000094d  __aeabi_memcpy4         
0000094d  __aeabi_memcpy8         
000009eb  __aeabi_memset          
000009eb  __aeabi_memset4         
000009eb  __aeabi_memset8         
ffffffff  __binit__               
ffffffff  __c_args__              
2000fe00  __stack                 
00000c65  _args_main              
00000b3d  _c_int00                
20000000  _lock                   
00000c8b  _nop                    
00000c83  _register_lock          
00000c7d  _register_unlock        
00000cc3  _system_pre_init        
20000004  _unlock                 
00000c25  abort                   
ffffffff  binit                   
00000b8d  copy_in                 
20000013  count                   
0000046d  delay_ms                
20000010  delka_PWM               
000006b5  diag                    
00000c2d  exit                    
00000000  interruptVectors        
0000089d  main                    
20000014  main_func_sp            
0000094d  memcpy                  
000009f1  memset                  
20000012  smer_PWM                
2000001c  time_loop               


GLOBAL SYMBOLS: SORTED BY Symbol Address 

address   name                    
-------   ----                    
00000000  __TI_static_base__      
00000000  interruptVectors        
00000141  SystemCoreClockUpdate   
00000200  __STACK_SIZE            
000003b5  SystemInit              
0000046d  delay_ms                
000004c3  TA0_ISR_Handler         
000004f5  LCD_setCursorPosition   
00000531  LCD_clearScreen         
00000541  LCD_init                
00000601  LCD_printStr            
00000629  LCD_printChar           
0000063b  LCD_sendCommand         
0000064d  LCD_sendNibble          
0000066f  LCD_pulseEnablePin      
000006b5  diag                    
000007b3  TA2_ISR_Handler         
00000827  TA1_ISR_Handler         
0000089d  main                    
0000094d  __aeabi_memcpy          
0000094d  __aeabi_memcpy4         
0000094d  __aeabi_memcpy8         
0000094d  memcpy                  
000009e9  __aeabi_memclr          
000009e9  __aeabi_memclr4         
000009e9  __aeabi_memclr8         
000009eb  __aeabi_memset          
000009eb  __aeabi_memset4         
000009eb  __aeabi_memset8         
000009f1  memset                  
00000a65  __TI_auto_init          
00000b3d  _c_int00                
00000b8d  copy_in                 
00000bd9  LCD_sendByte            
00000c21  C$$EXIT                 
00000c25  abort                   
00000c2d  exit                    
00000c65  _args_main              
00000c7d  _register_unlock        
00000c83  _register_lock          
00000c8b  _nop                    
00000ca3  __TI_decompress_none    
00000cb1  __TI_zero_init          
00000cbd  __TI_decompress_rle24   
00000cc3  _system_pre_init        
00000ce4  __TI_Handler_Table_Base 
00000cf0  __TI_Handler_Table_Limit
00000cf8  __TI_CINIT_Base         
00000d08  __TI_CINIT_Limit        
20000000  _lock                   
20000004  _unlock                 
20000008  __TI_cleanup_ptr        
2000000c  __TI_dtors_ptr          
20000010  delka_PWM               
20000012  smer_PWM                
20000013  count                   
20000014  main_func_sp            
20000018  SystemCoreClock         
2000001c  time_loop               
2000001e  B_diag_status           
2000fe00  __stack                 
20010000  __STACK_END             
4000480c  WDTCTL_SYM              
ffffffff  __binit__               
ffffffff  __c_args__              
ffffffff  binit                   
UNDEFED   SHT$$INIT_ARRAY$$Base   
UNDEFED   SHT$$INIT_ARRAY$$Limit  

[68 symbols]
