******************************************************************************
                  TI ARM Linker PC v5.2.7                      
******************************************************************************
>> Linked Fri Apr 01 21:52:11 2016

OUTPUT FILE NAME:   <Thermo-meter-msp432-I2C.out>
ENTRY POINT SYMBOL: "_c_int00"  address: 0000089d


MEMORY CONFIGURATION

         name            origin    length      used     unused   attr    fill
----------------------  --------  ---------  --------  --------  ----  --------
  MAIN                  00000000   00040000  00000a76  0003f58a  R  X
  INFO                  00200000   00004000  00000000  00004000  R  X
  SRAM_CODE             01000000   00010000  00000000  00010000  RW X
  SRAM_DATA             20000000   00010000  00000218  0000fde8  RW  


SEGMENT ALLOCATION MAP

run origin  load origin   length   init length attrs members
----------  ----------- ---------- ----------- ----- -------
00000000    00000000    00000a7c   00000a7c    r-x
  00000000    00000000    00000140   00000140    r-- .intvecs
  00000140    00000140    00000912   00000912    r-x .text
  00000a58    00000a58    00000024   00000024    r-- .cinit
20000000    20000000    00000018   00000000    rw-
  20000000    20000000    00000018   00000000    rw- .data
2000fe00    2000fe00    00000200   00000000    rw-
  2000fe00    2000fe00    00000200   00000000    rw- .stack


SECTION ALLOCATION MAP

 output                                  attributes/
section   page    origin      length       input sections
--------  ----  ----------  ----------   ----------------
.intvecs   0    00000000    00000140     
                  00000000    00000140     startup_msp432p401r_ccs.obj (.intvecs:retain)

.text      0    00000140    00000912     
                  00000140    00000328     system_msp432p401r.obj (.text)
                  00000468    00000244     libLCD.obj (.text)
                  000006ac    0000009c     rtsv7M4_T_le_v4SPD16_eabi.lib : memcpy_t2.obj (.text)
                  00000748    0000007a                                   : memset_t2.obj (.text)
                  000007c2    00000002     --HOLE-- [fill = 0]
                  000007c4    0000006c                                   : autoinit.obj (.text)
                  00000830    0000006a                                   : copy_decompress_rle.obj (.text)
                  0000089a    00000002     --HOLE-- [fill = 0]
                  0000089c    00000050                                   : boot.obj (.text)
                  000008ec    0000004c                                   : cpy_tbl.obj (.text)
                  00000938    00000048     libLCD.obj (.text:LCD_sendByte)
                  00000980    00000044     rtsv7M4_T_le_v4SPD16_eabi.lib : exit.obj (.text)
                  000009c4    00000038     main.obj (.text)
                  000009fc    00000018     rtsv7M4_T_le_v4SPD16_eabi.lib : args_main.obj (.text)
                  00000a14    00000014                                   : _lock.obj (.text)
                  00000a28    00000012     startup_msp432p401r_ccs.obj (.text)
                  00000a3a    0000000e     rtsv7M4_T_le_v4SPD16_eabi.lib : copy_decompress_none.obj (.text:decompress:none)
                  00000a48    00000006                                   : copy_decompress_rle.obj (.text:decompress:rle24)
                  00000a4e    00000004                                   : pre_init.obj (.text)

.cinit     0    00000a58    00000024     
                  00000a58    00000013     (.cinit..data.load) [load image, compression = rle]
                  00000a6b    00000001     --HOLE-- [fill = 0]
                  00000a6c    00000008     (__TI_handler_table)
                  00000a74    00000008     (__TI_cinit_table)

.init_array 
*          0    00000000    00000000     UNINITIALIZED

.data      0    20000000    00000018     UNINITIALIZED
                  20000000    00000008     rtsv7M4_T_le_v4SPD16_eabi.lib : _lock.obj (.data)
                  20000008    00000008                                   : exit.obj (.data)
                  20000010    00000004                                   : stkdepth_vars.obj (.data)
                  20000014    00000004     system_msp432p401r.obj (.data)

.TI.persistent 
*          0    20000000    00000000     UNINITIALIZED

.stack     0    2000fe00    00000200     UNINITIALIZED
                  2000fe00    00000200     --HOLE--


LINKER GENERATED COPY TABLES

__TI_cinit_table @ 00000a74 records: 1, size/record: 8, table size: 8
	.data: load addr=00000a58, load size=00000013 bytes, run addr=20000000, run size=00000018 bytes, compression=rle


LINKER GENERATED HANDLER TABLE

__TI_handler_table @ 00000a6c records: 2, size/record: 4, table size: 8
	index: 0, handler: __TI_decompress_rle24
	index: 1, handler: __TI_decompress_none


GLOBAL SYMBOLS: SORTED ALPHABETICALLY BY Name 

address   name                    
-------   ----                    
00000981  C$$EXIT                 
0000052f  LCD_clearScreen         
0000053f  LCD_init                
00000627  LCD_printChar           
000005ff  LCD_printStr            
0000066d  LCD_pulseEnablePin      
00000939  LCD_sendByte            
00000639  LCD_sendCommand         
0000064b  LCD_sendNibble          
000004f3  LCD_setCursorPosition   
UNDEFED   SHT$$INIT_ARRAY$$Base   
UNDEFED   SHT$$INIT_ARRAY$$Limit  
20000014  SystemCoreClock         
00000141  SystemCoreClockUpdate   
000003b5  SystemInit              
4000480c  WDTCTL_SYM              
20010000  __STACK_END             
00000200  __STACK_SIZE            
00000a74  __TI_CINIT_Base         
00000a7c  __TI_CINIT_Limit        
00000a6c  __TI_Handler_Table_Base 
00000a74  __TI_Handler_Table_Limit
000007c5  __TI_auto_init          
20000008  __TI_cleanup_ptr        
00000a3b  __TI_decompress_none    
00000a49  __TI_decompress_rle24   
2000000c  __TI_dtors_ptr          
00000000  __TI_static_base__      
00000749  __aeabi_memclr          
00000749  __aeabi_memclr4         
00000749  __aeabi_memclr8         
000006ad  __aeabi_memcpy          
000006ad  __aeabi_memcpy4         
000006ad  __aeabi_memcpy8         
0000074b  __aeabi_memset          
0000074b  __aeabi_memset4         
0000074b  __aeabi_memset8         
ffffffff  __binit__               
ffffffff  __c_args__              
2000fe00  __stack                 
000009fd  _args_main              
0000089d  _c_int00                
20000000  _lock                   
00000a23  _nop                    
00000a1b  _register_lock          
00000a15  _register_unlock        
00000a4f  _system_pre_init        
20000004  _unlock                 
00000985  abort                   
ffffffff  binit                   
000008ed  copy_in                 
00000469  delay_ms                
0000098d  exit                    
00000000  interruptVectors        
000009c5  main                    
20000010  main_func_sp            
000006ad  memcpy                  
00000751  memset                  


GLOBAL SYMBOLS: SORTED BY Symbol Address 

address   name                    
-------   ----                    
00000000  __TI_static_base__      
00000000  interruptVectors        
00000141  SystemCoreClockUpdate   
00000200  __STACK_SIZE            
000003b5  SystemInit              
00000469  delay_ms                
000004f3  LCD_setCursorPosition   
0000052f  LCD_clearScreen         
0000053f  LCD_init                
000005ff  LCD_printStr            
00000627  LCD_printChar           
00000639  LCD_sendCommand         
0000064b  LCD_sendNibble          
0000066d  LCD_pulseEnablePin      
000006ad  __aeabi_memcpy          
000006ad  __aeabi_memcpy4         
000006ad  __aeabi_memcpy8         
000006ad  memcpy                  
00000749  __aeabi_memclr          
00000749  __aeabi_memclr4         
00000749  __aeabi_memclr8         
0000074b  __aeabi_memset          
0000074b  __aeabi_memset4         
0000074b  __aeabi_memset8         
00000751  memset                  
000007c5  __TI_auto_init          
0000089d  _c_int00                
000008ed  copy_in                 
00000939  LCD_sendByte            
00000981  C$$EXIT                 
00000985  abort                   
0000098d  exit                    
000009c5  main                    
000009fd  _args_main              
00000a15  _register_unlock        
00000a1b  _register_lock          
00000a23  _nop                    
00000a3b  __TI_decompress_none    
00000a49  __TI_decompress_rle24   
00000a4f  _system_pre_init        
00000a6c  __TI_Handler_Table_Base 
00000a74  __TI_CINIT_Base         
00000a74  __TI_Handler_Table_Limit
00000a7c  __TI_CINIT_Limit        
20000000  _lock                   
20000004  _unlock                 
20000008  __TI_cleanup_ptr        
2000000c  __TI_dtors_ptr          
20000010  main_func_sp            
20000014  SystemCoreClock         
2000fe00  __stack                 
20010000  __STACK_END             
4000480c  WDTCTL_SYM              
ffffffff  __binit__               
ffffffff  __c_args__              
ffffffff  binit                   
UNDEFED   SHT$$INIT_ARRAY$$Base   
UNDEFED   SHT$$INIT_ARRAY$$Limit  

[58 symbols]
