******************************************************************************
                  TI ARM Linker PC v5.2.7                      
******************************************************************************
>> Linked Fri Apr 08 10:11:28 2016

OUTPUT FILE NAME:   <Thermo-meter-msp432-I2C.out>
ENTRY POINT SYMBOL: "_c_int00"  address: 00000d99


MEMORY CONFIGURATION

         name            origin    length      used     unused   attr    fill
----------------------  --------  ---------  --------  --------  ----  --------
  MAIN                  00000000   00040000  00000f62  0003f09e  R  X
  INFO                  00200000   00004000  00000000  00004000  R  X
  SRAM_CODE             01000000   00010000  00000000  00010000  RW X
  SRAM_DATA             20000000   00010000  0000021f  0000fde1  RW  


SEGMENT ALLOCATION MAP

run origin  load origin   length   init length attrs members
----------  ----------- ---------- ----------- ----- -------
00000000    00000000    00000f68   00000f68    r-x
  00000000    00000000    00000140   00000140    r-- .intvecs
  00000140    00000140    00000de2   00000de2    r-x .text
  00000f28    00000f28    00000040   00000040    r-- .cinit
20000000    20000000    0000001f   00000000    rw-
  20000000    20000000    0000001e   00000000    rw- .data
  2000001e    2000001e    00000001   00000000    rw- .bss
2000fe00    2000fe00    00000200   00000000    rw-
  2000fe00    2000fe00    00000200   00000000    rw- .stack


SECTION ALLOCATION MAP

 output                                  attributes/
section   page    origin      length       input sections
--------  ----  ----------  ----------   ----------------
.intvecs   0    00000000    00000140     
                  00000000    00000140     startup_msp432p401r_ccs.obj (.intvecs:retain)

.text      0    00000140    00000de2     
                  00000140    00000328     system_msp432p401r.obj (.text)
                  00000468    00000298     libLCD.obj (.text)
                  00000700    00000290     diag.obj (.text)
                  00000990    0000011c     main.obj (.text)
                  00000aac    000000fc     I2C.obj (.text)
                  00000ba8    0000009c     rtsv7M4_T_le_v4SPD16_eabi.lib : memcpy_t2.obj (.text)
                  00000c44    0000007a                                   : memset_t2.obj (.text)
                  00000cbe    00000002     --HOLE-- [fill = 0]
                  00000cc0    0000006c                                   : autoinit.obj (.text)
                  00000d2c    0000006a                                   : copy_decompress_rle.obj (.text)
                  00000d96    00000002     --HOLE-- [fill = 0]
                  00000d98    00000050                                   : boot.obj (.text)
                  00000de8    0000004c                                   : cpy_tbl.obj (.text)
                  00000e34    00000048     libLCD.obj (.text:LCD_sendByte)
                  00000e7c    00000044     rtsv7M4_T_le_v4SPD16_eabi.lib : exit.obj (.text)
                  00000ec0    00000018                                   : args_main.obj (.text)
                  00000ed8    00000014                                   : _lock.obj (.text)
                  00000eec    00000012     startup_msp432p401r_ccs.obj (.text)
                  00000efe    0000000e     rtsv7M4_T_le_v4SPD16_eabi.lib : copy_decompress_none.obj (.text:decompress:none)
                  00000f0c    0000000c                                   : copy_zero_init.obj (.text:decompress:ZI)
                  00000f18    00000006                                   : copy_decompress_rle.obj (.text:decompress:rle24)
                  00000f1e    00000004                                   : pre_init.obj (.text)

.cinit     0    00000f28    00000040     
                  00000f28    00000019     (.cinit..data.load) [load image, compression = rle]
                  00000f41    00000003     --HOLE-- [fill = 0]
                  00000f44    0000000c     (__TI_handler_table)
                  00000f50    00000008     (.cinit..bss.load) [load image, compression = zero_init]
                  00000f58    00000010     (__TI_cinit_table)

.init_array 
*          0    00000000    00000000     UNINITIALIZED

.data      0    20000000    0000001e     UNINITIALIZED
                  20000000    00000008     rtsv7M4_T_le_v4SPD16_eabi.lib : _lock.obj (.data)
                  20000008    00000008                                   : exit.obj (.data)
                  20000010    00000004     diag.obj (.data)
                  20000014    00000004     rtsv7M4_T_le_v4SPD16_eabi.lib : stkdepth_vars.obj (.data)
                  20000018    00000004     system_msp432p401r.obj (.data)
                  2000001c    00000002     libLCD.obj (.data)

.bss       0    2000001e    00000001     UNINITIALIZED
                  2000001e    00000001     (.common:D_diag_status)

.TI.persistent 
*          0    20000000    00000000     UNINITIALIZED

.TI.noinit 
*          0    2000001e    00000000     UNINITIALIZED

.stack     0    2000fe00    00000200     UNINITIALIZED
                  2000fe00    00000200     --HOLE--


LINKER GENERATED COPY TABLES

__TI_cinit_table @ 00000f58 records: 2, size/record: 8, table size: 16
	.data: load addr=00000f28, load size=00000019 bytes, run addr=20000000, run size=0000001e bytes, compression=rle
	.bss: load addr=00000f50, load size=00000008 bytes, run addr=2000001e, run size=00000001 bytes, compression=zero_init


LINKER GENERATED HANDLER TABLE

__TI_handler_table @ 00000f44 records: 3, size/record: 4, table size: 12
	index: 0, handler: __TI_decompress_rle24
	index: 1, handler: __TI_decompress_none
	index: 2, handler: __TI_zero_init


GLOBAL SYMBOLS: SORTED ALPHABETICALLY BY Name 

address   name                    
-------   ----                    
00000e7d  C$$EXIT                 
2000001e  D_diag_status           
00000af1  I2C_disable             
00000afd  I2C_enable              
00000b3f  I2C_icBussy             
00000aad  I2C_init                
00000b49  I2C_masterReceiveStart  
00000b6d  I2C_masterReceived      
00000b81  I2C_masterStop          
00000b09  I2C_setAddress          
00000b1d  I2C_setMode             
00000531  LCD_clearScreen         
00000541  LCD_init                
00000679  LCD_printChar           
00000601  LCD_printStr            
00000629  LCD_print_data          
000006bf  LCD_pulseEnablePin      
00000e35  LCD_sendByte            
0000068b  LCD_sendCommand         
0000069d  LCD_sendNibble          
000004f5  LCD_setCursorPosition   
UNDEFED   SHT$$INIT_ARRAY$$Base   
UNDEFED   SHT$$INIT_ARRAY$$Limit  
20000018  SystemCoreClock         
00000141  SystemCoreClockUpdate   
000003b5  SystemInit              
000004c3  TA0_ISR_Handler         
000008d9  TA1_ISR_Handler         
00000865  TA2_ISR_Handler         
4000480c  WDTCTL_SYM              
20010000  __STACK_END             
00000200  __STACK_SIZE            
00000f58  __TI_CINIT_Base         
00000f68  __TI_CINIT_Limit        
00000f44  __TI_Handler_Table_Base 
00000f50  __TI_Handler_Table_Limit
00000cc1  __TI_auto_init          
20000008  __TI_cleanup_ptr        
00000eff  __TI_decompress_none    
00000f19  __TI_decompress_rle24   
2000000c  __TI_dtors_ptr          
00000000  __TI_static_base__      
00000f0d  __TI_zero_init          
00000c45  __aeabi_memclr          
00000c45  __aeabi_memclr4         
00000c45  __aeabi_memclr8         
00000ba9  __aeabi_memcpy          
00000ba9  __aeabi_memcpy4         
00000ba9  __aeabi_memcpy8         
00000c47  __aeabi_memset          
00000c47  __aeabi_memset4         
00000c47  __aeabi_memset8         
ffffffff  __binit__               
ffffffff  __c_args__              
2000fe00  __stack                 
00000ec1  _args_main              
00000d99  _c_int00                
20000000  _lock                   
00000ee7  _nop                    
00000edf  _register_lock          
00000ed9  _register_unlock        
00000f1f  _system_pre_init        
20000004  _unlock                 
00000e81  abort                   
ffffffff  binit                   
00000de9  copy_in                 
20000013  count                   
0000046d  delay_ms                
20000010  delka_PWM               
00000709  diag                    
00000e89  exit                    
00000000  interruptVectors        
00000995  main                    
20000014  main_func_sp            
00000ba9  memcpy                  
00000c4d  memset                  
00000a65  port1_ISR_Handler       
20000012  smer_PWM                
2000001c  time_loop               


GLOBAL SYMBOLS: SORTED BY Symbol Address 

address   name                    
-------   ----                    
00000000  __TI_static_base__      
00000000  interruptVectors        
00000141  SystemCoreClockUpdate   
00000200  __STACK_SIZE            
000003b5  SystemInit              
0000046d  delay_ms                
000004c3  TA0_ISR_Handler         
000004f5  LCD_setCursorPosition   
00000531  LCD_clearScreen         
00000541  LCD_init                
00000601  LCD_printStr            
00000629  LCD_print_data          
00000679  LCD_printChar           
0000068b  LCD_sendCommand         
0000069d  LCD_sendNibble          
000006bf  LCD_pulseEnablePin      
00000709  diag                    
00000865  TA2_ISR_Handler         
000008d9  TA1_ISR_Handler         
00000995  main                    
00000a65  port1_ISR_Handler       
00000aad  I2C_init                
00000af1  I2C_disable             
00000afd  I2C_enable              
00000b09  I2C_setAddress          
00000b1d  I2C_setMode             
00000b3f  I2C_icBussy             
00000b49  I2C_masterReceiveStart  
00000b6d  I2C_masterReceived      
00000b81  I2C_masterStop          
00000ba9  __aeabi_memcpy          
00000ba9  __aeabi_memcpy4         
00000ba9  __aeabi_memcpy8         
00000ba9  memcpy                  
00000c45  __aeabi_memclr          
00000c45  __aeabi_memclr4         
00000c45  __aeabi_memclr8         
00000c47  __aeabi_memset          
00000c47  __aeabi_memset4         
00000c47  __aeabi_memset8         
00000c4d  memset                  
00000cc1  __TI_auto_init          
00000d99  _c_int00                
00000de9  copy_in                 
00000e35  LCD_sendByte            
00000e7d  C$$EXIT                 
00000e81  abort                   
00000e89  exit                    
00000ec1  _args_main              
00000ed9  _register_unlock        
00000edf  _register_lock          
00000ee7  _nop                    
00000eff  __TI_decompress_none    
00000f0d  __TI_zero_init          
00000f19  __TI_decompress_rle24   
00000f1f  _system_pre_init        
00000f44  __TI_Handler_Table_Base 
00000f50  __TI_Handler_Table_Limit
00000f58  __TI_CINIT_Base         
00000f68  __TI_CINIT_Limit        
20000000  _lock                   
20000004  _unlock                 
20000008  __TI_cleanup_ptr        
2000000c  __TI_dtors_ptr          
20000010  delka_PWM               
20000012  smer_PWM                
20000013  count                   
20000014  main_func_sp            
20000018  SystemCoreClock         
2000001c  time_loop               
2000001e  D_diag_status           
2000fe00  __stack                 
20010000  __STACK_END             
4000480c  WDTCTL_SYM              
ffffffff  __binit__               
ffffffff  __c_args__              
ffffffff  binit                   
UNDEFED   SHT$$INIT_ARRAY$$Base   
UNDEFED   SHT$$INIT_ARRAY$$Limit  

[79 symbols]
