Component: ARM Compiler 5.06 update 1 (build 61) Tool: armlink [4d35a8]

==============================================================================

Section Cross References

    startup_msp432.o(STACK) refers (Special) to heapauxi.o(.text) for __use_two_region_memory
    startup_msp432.o(HEAP) refers (Special) to heapauxi.o(.text) for __use_two_region_memory
    startup_msp432.o(RESET) refers (Special) to heapauxi.o(.text) for __use_two_region_memory
    startup_msp432.o(RESET) refers to startup_msp432.o(STACK) for __initial_sp
    startup_msp432.o(RESET) refers to startup_msp432.o(.text) for Reset_Handler
    startup_msp432.o(.text) refers (Special) to heapauxi.o(.text) for __use_two_region_memory
    startup_msp432.o(.text) refers to system_msp432.o(i.SystemInit) for SystemInit
    startup_msp432.o(.text) refers to __main.o(!!!main) for __main
    startup_msp432.o(.text) refers to startup_msp432.o(HEAP) for Heap_Mem
    startup_msp432.o(.text) refers to startup_msp432.o(STACK) for Stack_Mem
    system_msp432.o(i.SystemCoreClockUpdate) refers to system_msp432.o(.data) for SystemCoreClock
    system_msp432.o(i.SystemInit) refers to system_msp432.o(.data) for SystemCoreClock
    __main.o(!!!main) refers to __rtentry.o(.ARM.Collect$$rtentry$$00000000) for __rt_entry
    __rtentry.o(.ARM.Collect$$rtentry$$00000000) refers (Special) to __rtentry2.o(.ARM.Collect$$rtentry$$0000000A) for __rt_entry_li
    __rtentry.o(.ARM.Collect$$rtentry$$00000000) refers (Special) to __rtentry2.o(.ARM.Collect$$rtentry$$0000000D) for __rt_entry_main
    __rtentry.o(.ARM.Collect$$rtentry$$00000000) refers (Special) to __rtentry2.o(.ARM.Collect$$rtentry$$0000000C) for __rt_entry_postli_1
    __rtentry.o(.ARM.Collect$$rtentry$$00000000) refers (Special) to __rtentry2.o(.ARM.Collect$$rtentry$$00000009) for __rt_entry_postsh_1
    __rtentry.o(.ARM.Collect$$rtentry$$00000000) refers (Special) to __rtentry2.o(.ARM.Collect$$rtentry$$00000002) for __rt_entry_presh_1
    __rtentry.o(.ARM.Collect$$rtentry$$00000000) refers (Special) to __rtentry4.o(.ARM.Collect$$rtentry$$00000004) for __rt_entry_sh
    __rtentry2.o(.ARM.Collect$$rtentry$$00000008) refers to boardinit2.o(.text) for _platform_post_stackheap_init
    __rtentry2.o(.ARM.Collect$$rtentry$$0000000A) refers to libinit.o(.ARM.Collect$$libinit$$00000000) for __rt_lib_init
    __rtentry2.o(.ARM.Collect$$rtentry$$0000000B) refers to boardinit3.o(.text) for _platform_post_lib_init
    __rtentry2.o(.ARM.Collect$$rtentry$$0000000D) refers to blinkled.o(i.main) for main
    __rtentry2.o(.ARM.Collect$$rtentry$$0000000D) refers to exit.o(.text) for exit
    __rtentry2.o(.ARM.exidx) refers to __rtentry2.o(.ARM.Collect$$rtentry$$00000001) for .ARM.Collect$$rtentry$$00000001
    __rtentry2.o(.ARM.exidx) refers to __rtentry2.o(.ARM.Collect$$rtentry$$00000008) for .ARM.Collect$$rtentry$$00000008
    __rtentry2.o(.ARM.exidx) refers to __rtentry2.o(.ARM.Collect$$rtentry$$0000000A) for .ARM.Collect$$rtentry$$0000000A
    __rtentry2.o(.ARM.exidx) refers to __rtentry2.o(.ARM.Collect$$rtentry$$0000000B) for .ARM.Collect$$rtentry$$0000000B
    __rtentry2.o(.ARM.exidx) refers to __rtentry2.o(.ARM.Collect$$rtentry$$0000000D) for .ARM.Collect$$rtentry$$0000000D
    __rtentry4.o(.ARM.Collect$$rtentry$$00000004) refers to sys_stackheap_outer.o(.text) for __user_setup_stackheap
    __rtentry4.o(.ARM.exidx) refers to __rtentry4.o(.ARM.Collect$$rtentry$$00000004) for .ARM.Collect$$rtentry$$00000004
    sys_stackheap_outer.o(.text) refers to libspace.o(.text) for __user_perproc_libspace
    sys_stackheap_outer.o(.text) refers to startup_msp432.o(.text) for __user_initial_stackheap
    exit.o(.text) refers to rtexit.o(.ARM.Collect$$rtexit$$00000000) for __rt_exit
    libinit.o(.ARM.Collect$$libinit$$00000000) refers (Special) to libinit2.o(.ARM.Collect$$libinit$$0000002E) for __rt_lib_init_alloca_1
    libinit.o(.ARM.Collect$$libinit$$00000000) refers (Special) to libinit2.o(.ARM.Collect$$libinit$$0000002C) for __rt_lib_init_argv_1
    libinit.o(.ARM.Collect$$libinit$$00000000) refers (Special) to libinit2.o(.ARM.Collect$$libinit$$0000001B) for __rt_lib_init_atexit_1
    libinit.o(.ARM.Collect$$libinit$$00000000) refers (Special) to libinit2.o(.ARM.Collect$$libinit$$00000021) for __rt_lib_init_clock_1
    libinit.o(.ARM.Collect$$libinit$$00000000) refers (Special) to libinit2.o(.ARM.Collect$$libinit$$00000032) for __rt_lib_init_cpp_1
    libinit.o(.ARM.Collect$$libinit$$00000000) refers (Special) to libinit2.o(.ARM.Collect$$libinit$$00000030) for __rt_lib_init_exceptions_1
    libinit.o(.ARM.Collect$$libinit$$00000000) refers (Special) to libinit2.o(.ARM.Collect$$libinit$$00000001) for __rt_lib_init_fp_1
    libinit.o(.ARM.Collect$$libinit$$00000000) refers (Special) to libinit2.o(.ARM.Collect$$libinit$$0000001F) for __rt_lib_init_fp_trap_1
    libinit.o(.ARM.Collect$$libinit$$00000000) refers (Special) to libinit2.o(.ARM.Collect$$libinit$$00000023) for __rt_lib_init_getenv_1
    libinit.o(.ARM.Collect$$libinit$$00000000) refers (Special) to libinit2.o(.ARM.Collect$$libinit$$0000000A) for __rt_lib_init_heap_1
    libinit.o(.ARM.Collect$$libinit$$00000000) refers (Special) to libinit2.o(.ARM.Collect$$libinit$$00000011) for __rt_lib_init_lc_collate_1
    libinit.o(.ARM.Collect$$libinit$$00000000) refers (Special) to libinit2.o(.ARM.Collect$$libinit$$00000013) for __rt_lib_init_lc_ctype_1
    libinit.o(.ARM.Collect$$libinit$$00000000) refers (Special) to libinit2.o(.ARM.Collect$$libinit$$00000015) for __rt_lib_init_lc_monetary_1
    libinit.o(.ARM.Collect$$libinit$$00000000) refers (Special) to libinit2.o(.ARM.Collect$$libinit$$00000017) for __rt_lib_init_lc_numeric_1
    libinit.o(.ARM.Collect$$libinit$$00000000) refers (Special) to libinit2.o(.ARM.Collect$$libinit$$00000019) for __rt_lib_init_lc_time_1
    libinit.o(.ARM.Collect$$libinit$$00000000) refers (Special) to libinit2.o(.ARM.Collect$$libinit$$00000004) for __rt_lib_init_preinit_1
    libinit.o(.ARM.Collect$$libinit$$00000000) refers (Special) to libinit2.o(.ARM.Collect$$libinit$$0000000E) for __rt_lib_init_rand_1
    libinit.o(.ARM.Collect$$libinit$$00000000) refers (Special) to libinit2.o(.ARM.Collect$$libinit$$00000033) for __rt_lib_init_return
    libinit.o(.ARM.Collect$$libinit$$00000000) refers (Special) to libinit2.o(.ARM.Collect$$libinit$$0000001D) for __rt_lib_init_signal_1
    libinit.o(.ARM.Collect$$libinit$$00000000) refers (Special) to libinit2.o(.ARM.Collect$$libinit$$00000025) for __rt_lib_init_stdio_1
    libinit.o(.ARM.Collect$$libinit$$00000000) refers (Special) to libinit2.o(.ARM.Collect$$libinit$$0000000C) for __rt_lib_init_user_alloc_1
    libspace.o(.text) refers to libspace.o(.bss) for __libspace_start
    rtexit.o(.ARM.Collect$$rtexit$$00000000) refers (Special) to rtexit2.o(.ARM.Collect$$rtexit$$00000004) for __rt_exit_exit
    rtexit.o(.ARM.Collect$$rtexit$$00000000) refers (Special) to rtexit2.o(.ARM.Collect$$rtexit$$00000003) for __rt_exit_ls
    rtexit.o(.ARM.Collect$$rtexit$$00000000) refers (Special) to rtexit2.o(.ARM.Collect$$rtexit$$00000002) for __rt_exit_prels_1
    rtexit.o(.ARM.exidx) refers (Special) to rtexit2.o(.ARM.Collect$$rtexit$$00000004) for __rt_exit_exit
    rtexit.o(.ARM.exidx) refers (Special) to rtexit2.o(.ARM.Collect$$rtexit$$00000003) for __rt_exit_ls
    rtexit.o(.ARM.exidx) refers (Special) to rtexit2.o(.ARM.Collect$$rtexit$$00000002) for __rt_exit_prels_1
    rtexit.o(.ARM.exidx) refers to rtexit.o(.ARM.Collect$$rtexit$$00000000) for .ARM.Collect$$rtexit$$00000000
    libinit2.o(.ARM.Collect$$libinit$$00000001) refers to fpinit.o(x$fpl$fpinit) for _fp_init
    libinit2.o(.ARM.Collect$$libinit$$00000010) refers to libinit2.o(.ARM.Collect$$libinit$$0000000F) for .ARM.Collect$$libinit$$0000000F
    libinit2.o(.ARM.Collect$$libinit$$00000012) refers to libinit2.o(.ARM.Collect$$libinit$$0000000F) for .ARM.Collect$$libinit$$0000000F
    libinit2.o(.ARM.Collect$$libinit$$00000014) refers to libinit2.o(.ARM.Collect$$libinit$$0000000F) for .ARM.Collect$$libinit$$0000000F
    libinit2.o(.ARM.Collect$$libinit$$00000016) refers to libinit2.o(.ARM.Collect$$libinit$$0000000F) for .ARM.Collect$$libinit$$0000000F
    libinit2.o(.ARM.Collect$$libinit$$00000018) refers to libinit2.o(.ARM.Collect$$libinit$$0000000F) for .ARM.Collect$$libinit$$0000000F
    libinit2.o(.ARM.Collect$$libinit$$00000026) refers to argv_veneer.o(.emb_text) for __ARM_argv_veneer
    libinit2.o(.ARM.Collect$$libinit$$00000027) refers to argv_veneer.o(.emb_text) for __ARM_argv_veneer
    rtexit2.o(.ARM.Collect$$rtexit$$00000003) refers to libshutdown.o(.ARM.Collect$$libshutdown$$00000000) for __rt_lib_shutdown
    rtexit2.o(.ARM.Collect$$rtexit$$00000004) refers to sys_exit.o(.text) for _sys_exit
    rtexit2.o(.ARM.exidx) refers to rtexit2.o(.ARM.Collect$$rtexit$$00000001) for .ARM.Collect$$rtexit$$00000001
    rtexit2.o(.ARM.exidx) refers to rtexit2.o(.ARM.Collect$$rtexit$$00000003) for .ARM.Collect$$rtexit$$00000003
    rtexit2.o(.ARM.exidx) refers to rtexit2.o(.ARM.Collect$$rtexit$$00000004) for .ARM.Collect$$rtexit$$00000004
    argv_veneer.o(.emb_text) refers to no_argv.o(.text) for __ARM_get_argv
    sys_exit.o(.text) refers (Special) to use_no_semi.o(.text) for __I$use$semihosting
    sys_exit.o(.text) refers (Special) to indicate_semi.o(.text) for __semihosting_library_function
    _get_argv_nomalloc.o(.text) refers (Special) to hrguard.o(.text) for __heap_region$guard
    _get_argv_nomalloc.o(.text) refers to defsig_rtmem_outer.o(.text) for __rt_SIGRTMEM
    _get_argv_nomalloc.o(.text) refers to sys_command.o(.text) for _sys_command_string
    libshutdown.o(.ARM.Collect$$libshutdown$$00000000) refers (Special) to libshutdown2.o(.ARM.Collect$$libshutdown$$00000002) for __rt_lib_shutdown_cpp_1
    libshutdown.o(.ARM.Collect$$libshutdown$$00000000) refers (Special) to libshutdown2.o(.ARM.Collect$$libshutdown$$00000007) for __rt_lib_shutdown_fp_trap_1
    libshutdown.o(.ARM.Collect$$libshutdown$$00000000) refers (Special) to libshutdown2.o(.ARM.Collect$$libshutdown$$0000000F) for __rt_lib_shutdown_heap_1
    libshutdown.o(.ARM.Collect$$libshutdown$$00000000) refers (Special) to libshutdown2.o(.ARM.Collect$$libshutdown$$00000010) for __rt_lib_shutdown_return
    libshutdown.o(.ARM.Collect$$libshutdown$$00000000) refers (Special) to libshutdown2.o(.ARM.Collect$$libshutdown$$0000000A) for __rt_lib_shutdown_signal_1
    libshutdown.o(.ARM.Collect$$libshutdown$$00000000) refers (Special) to libshutdown2.o(.ARM.Collect$$libshutdown$$00000004) for __rt_lib_shutdown_stdio_1
    libshutdown.o(.ARM.Collect$$libshutdown$$00000000) refers (Special) to libshutdown2.o(.ARM.Collect$$libshutdown$$0000000C) for __rt_lib_shutdown_user_alloc_1
    sys_command.o(.text) refers (Special) to use_no_semi.o(.text) for __I$use$semihosting
    sys_command.o(.text) refers (Special) to indicate_semi.o(.text) for __semihosting_library_function
    defsig_rtmem_outer.o(.text) refers to defsig_rtmem_inner.o(.text) for __rt_SIGRTMEM_inner
    defsig_rtmem_outer.o(.text) refers to defsig_exit.o(.text) for __sig_exit
    defsig_rtmem_formal.o(.text) refers to rt_raise.o(.text) for __rt_raise
    rt_raise.o(.text) refers to __raise.o(.text) for __raise
    rt_raise.o(.text) refers to sys_exit.o(.text) for _sys_exit
    defsig_exit.o(.text) refers to sys_exit.o(.text) for _sys_exit
    defsig_rtmem_inner.o(.text) refers to defsig_general.o(.text) for __default_signal_display
    __raise.o(.text) refers to defsig.o(CL$$defsig) for __default_signal_handler
    defsig_general.o(.text) refers to sys_wrch.o(.text) for _ttywrch
    sys_wrch.o(.text) refers (Special) to use_no_semi.o(.text) for __I$use$semihosting
    sys_wrch.o(.text) refers (Special) to indicate_semi.o(.text) for __semihosting_library_function
    defsig.o(CL$$defsig) refers to defsig_rtmem_inner.o(.text) for __rt_SIGRTMEM_inner
    defsig_abrt_inner.o(.text) refers to defsig_general.o(.text) for __default_signal_display
    defsig_fpe_inner.o(.text) refers to defsig_general.o(.text) for __default_signal_display
    defsig_rtred_inner.o(.text) refers to defsig_general.o(.text) for __default_signal_display
    defsig_stak_inner.o(.text) refers to defsig_general.o(.text) for __default_signal_display
    defsig_pvfn_inner.o(.text) refers to defsig_general.o(.text) for __default_signal_display
    defsig_cppl_inner.o(.text) refers to defsig_general.o(.text) for __default_signal_display
    defsig_segv_inner.o(.text) refers to defsig_general.o(.text) for __default_signal_display
    defsig_other.o(.text) refers to defsig_general.o(.text) for __default_signal_display


==============================================================================

Removing Unused input sections from the image.

    Removing blinkled.o(.rev16_text), (4 bytes).
    Removing blinkled.o(.revsh_text), (4 bytes).
    Removing blinkled.o(.rrx_text), (6 bytes).
    Removing blinkled.o(i.TA0_ISR_Handler), (20 bytes).
    Removing system_msp432.o(.rev16_text), (4 bytes).
    Removing system_msp432.o(.revsh_text), (4 bytes).
    Removing system_msp432.o(.rrx_text), (6 bytes).
    Removing system_msp432.o(i.SystemCoreClockUpdate), (16 bytes).

8 unused section(s) (total 64 bytes) removed from the image.

==============================================================================

Image Symbol Table

    Local Symbols

    Symbol Name                              Value     Ov Type        Size  Object(Section)

    RESET                                    0x00000000   Section      324  startup_msp432.o(RESET)
    ../clib/angel/boardlib.s                 0x00000000   Number         0  boardinit3.o ABSOLUTE
    ../clib/angel/boardlib.s                 0x00000000   Number         0  boardshut.o ABSOLUTE
    ../clib/angel/boardlib.s                 0x00000000   Number         0  boardinit1.o ABSOLUTE
    ../clib/angel/boardlib.s                 0x00000000   Number         0  boardinit2.o ABSOLUTE
    ../clib/angel/handlers.s                 0x00000000   Number         0  __scatter_zi.o ABSOLUTE
    ../clib/angel/handlers.s                 0x00000000   Number         0  __scatter_copy.o ABSOLUTE
    ../clib/angel/kernel.s                   0x00000000   Number         0  __rtentry4.o ABSOLUTE
    ../clib/angel/kernel.s                   0x00000000   Number         0  rtexit2.o ABSOLUTE
    ../clib/angel/kernel.s                   0x00000000   Number         0  rtexit.o ABSOLUTE
    ../clib/angel/kernel.s                   0x00000000   Number         0  __rtentry.o ABSOLUTE
    ../clib/angel/kernel.s                   0x00000000   Number         0  __rtentry2.o ABSOLUTE
    ../clib/angel/rt.s                       0x00000000   Number         0  rt_raise.o ABSOLUTE
    ../clib/angel/scatter.s                  0x00000000   Number         0  __scatter.o ABSOLUTE
    ../clib/angel/startup.s                  0x00000000   Number         0  __main.o ABSOLUTE
    ../clib/angel/sys.s                      0x00000000   Number         0  sys_stackheap_outer.o ABSOLUTE
    ../clib/angel/sys.s                      0x00000000   Number         0  libspace.o ABSOLUTE
    ../clib/angel/sys.s                      0x00000000   Number         0  indicate_semi.o ABSOLUTE
    ../clib/angel/sys.s                      0x00000000   Number         0  use_no_semi.o ABSOLUTE
    ../clib/angel/sysapp.c                   0x00000000   Number         0  sys_exit.o ABSOLUTE
    ../clib/angel/sysapp.c                   0x00000000   Number         0  sys_wrch.o ABSOLUTE
    ../clib/angel/sysapp.c                   0x00000000   Number         0  sys_command.o ABSOLUTE
    ../clib/armsys.c                         0x00000000   Number         0  argv_veneer.o ABSOLUTE
    ../clib/armsys.c                         0x00000000   Number         0  no_argv.o ABSOLUTE
    ../clib/armsys.c                         0x00000000   Number         0  _get_argv_nomalloc.o ABSOLUTE
    ../clib/armsys.c                         0x00000000   Number         0  argv_veneer.o ABSOLUTE
    ../clib/heapalloc.c                      0x00000000   Number         0  hrguard.o ABSOLUTE
    ../clib/heapaux.c                        0x00000000   Number         0  heapauxi.o ABSOLUTE
    ../clib/libinit.s                        0x00000000   Number         0  libinit.o ABSOLUTE
    ../clib/libinit.s                        0x00000000   Number         0  libshutdown2.o ABSOLUTE
    ../clib/libinit.s                        0x00000000   Number         0  libshutdown.o ABSOLUTE
    ../clib/libinit.s                        0x00000000   Number         0  libinit2.o ABSOLUTE
    ../clib/signal.c                         0x00000000   Number         0  defsig_rtmem_inner.o ABSOLUTE
    ../clib/signal.c                         0x00000000   Number         0  defsig_cppl_inner.o ABSOLUTE
    ../clib/signal.c                         0x00000000   Number         0  defsig_segv_inner.o ABSOLUTE
    ../clib/signal.c                         0x00000000   Number         0  defsig_general.o ABSOLUTE
    ../clib/signal.c                         0x00000000   Number         0  __raise.o ABSOLUTE
    ../clib/signal.c                         0x00000000   Number         0  defsig_pvfn_inner.o ABSOLUTE
    ../clib/signal.c                         0x00000000   Number         0  defsig_exit.o ABSOLUTE
    ../clib/signal.c                         0x00000000   Number         0  defsig_rtmem_formal.o ABSOLUTE
    ../clib/signal.c                         0x00000000   Number         0  defsig_other.o ABSOLUTE
    ../clib/signal.c                         0x00000000   Number         0  defsig_rtmem_outer.o ABSOLUTE
    ../clib/signal.c                         0x00000000   Number         0  defsig_stak_inner.o ABSOLUTE
    ../clib/signal.c                         0x00000000   Number         0  defsig_abrt_inner.o ABSOLUTE
    ../clib/signal.c                         0x00000000   Number         0  defsig_fpe_inner.o ABSOLUTE
    ../clib/signal.c                         0x00000000   Number         0  defsig_rtred_inner.o ABSOLUTE
    ../clib/signal.s                         0x00000000   Number         0  defsig.o ABSOLUTE
    ../clib/stdlib.c                         0x00000000   Number         0  exit.o ABSOLUTE
    ../fplib/fpinit.s                        0x00000000   Number         0  fpinit.o ABSOLUTE
    RTE\Device\MSP432P401R\startup_msp432.s  0x00000000   Number         0  startup_msp432.o ABSOLUTE
    RTE\Device\MSP432P401R\system_msp432.c   0x00000000   Number         0  system_msp432.o ABSOLUTE
    RTE\\Device\\MSP432P401R\\system_msp432.c 0x00000000   Number         0  system_msp432.o ABSOLUTE
    blinkLED.c                               0x00000000   Number         0  blinkled.o ABSOLUTE
    blinkLED.c                               0x00000000   Number         0  blinkled.o ABSOLUTE
    dc.s                                     0x00000000   Number         0  dc.o ABSOLUTE
    !!!main                                  0x00000144   Section        8  __main.o(!!!main)
    !!!scatter                               0x0000014c   Section       52  __scatter.o(!!!scatter)
    !!handler_copy                           0x00000180   Section       26  __scatter_copy.o(!!handler_copy)
    !!handler_zi                             0x0000019c   Section       28  __scatter_zi.o(!!handler_zi)
    .ARM.Collect$$libinit$$00000000          0x000001b8   Section        2  libinit.o(.ARM.Collect$$libinit$$00000000)
    .ARM.Collect$$libinit$$00000001          0x000001ba   Section        4  libinit2.o(.ARM.Collect$$libinit$$00000001)
    .ARM.Collect$$libinit$$00000004          0x000001be   Section        0  libinit2.o(.ARM.Collect$$libinit$$00000004)
    .ARM.Collect$$libinit$$0000000A          0x000001be   Section        0  libinit2.o(.ARM.Collect$$libinit$$0000000A)
    .ARM.Collect$$libinit$$0000000C          0x000001be   Section        0  libinit2.o(.ARM.Collect$$libinit$$0000000C)
    .ARM.Collect$$libinit$$0000000E          0x000001be   Section        0  libinit2.o(.ARM.Collect$$libinit$$0000000E)
    .ARM.Collect$$libinit$$00000011          0x000001be   Section        0  libinit2.o(.ARM.Collect$$libinit$$00000011)
    .ARM.Collect$$libinit$$00000013          0x000001be   Section        0  libinit2.o(.ARM.Collect$$libinit$$00000013)
    .ARM.Collect$$libinit$$00000015          0x000001be   Section        0  libinit2.o(.ARM.Collect$$libinit$$00000015)
    .ARM.Collect$$libinit$$00000017          0x000001be   Section        0  libinit2.o(.ARM.Collect$$libinit$$00000017)
    .ARM.Collect$$libinit$$00000019          0x000001be   Section        0  libinit2.o(.ARM.Collect$$libinit$$00000019)
    .ARM.Collect$$libinit$$0000001B          0x000001be   Section        0  libinit2.o(.ARM.Collect$$libinit$$0000001B)
    .ARM.Collect$$libinit$$0000001D          0x000001be   Section        0  libinit2.o(.ARM.Collect$$libinit$$0000001D)
    .ARM.Collect$$libinit$$0000001F          0x000001be   Section        0  libinit2.o(.ARM.Collect$$libinit$$0000001F)
    .ARM.Collect$$libinit$$00000021          0x000001be   Section        0  libinit2.o(.ARM.Collect$$libinit$$00000021)
    .ARM.Collect$$libinit$$00000023          0x000001be   Section        0  libinit2.o(.ARM.Collect$$libinit$$00000023)
    .ARM.Collect$$libinit$$00000025          0x000001be   Section        0  libinit2.o(.ARM.Collect$$libinit$$00000025)
    .ARM.Collect$$libinit$$0000002C          0x000001be   Section        0  libinit2.o(.ARM.Collect$$libinit$$0000002C)
    .ARM.Collect$$libinit$$0000002E          0x000001be   Section        0  libinit2.o(.ARM.Collect$$libinit$$0000002E)
    .ARM.Collect$$libinit$$00000030          0x000001be   Section        0  libinit2.o(.ARM.Collect$$libinit$$00000030)
    .ARM.Collect$$libinit$$00000032          0x000001be   Section        0  libinit2.o(.ARM.Collect$$libinit$$00000032)
    .ARM.Collect$$libinit$$00000033          0x000001be   Section        2  libinit2.o(.ARM.Collect$$libinit$$00000033)
    .ARM.Collect$$libshutdown$$00000000      0x000001c0   Section        2  libshutdown.o(.ARM.Collect$$libshutdown$$00000000)
    .ARM.Collect$$libshutdown$$00000002      0x000001c2   Section        0  libshutdown2.o(.ARM.Collect$$libshutdown$$00000002)
    .ARM.Collect$$libshutdown$$00000004      0x000001c2   Section        0  libshutdown2.o(.ARM.Collect$$libshutdown$$00000004)
    .ARM.Collect$$libshutdown$$00000007      0x000001c2   Section        0  libshutdown2.o(.ARM.Collect$$libshutdown$$00000007)
    .ARM.Collect$$libshutdown$$0000000A      0x000001c2   Section        0  libshutdown2.o(.ARM.Collect$$libshutdown$$0000000A)
    .ARM.Collect$$libshutdown$$0000000C      0x000001c2   Section        0  libshutdown2.o(.ARM.Collect$$libshutdown$$0000000C)
    .ARM.Collect$$libshutdown$$0000000F      0x000001c2   Section        0  libshutdown2.o(.ARM.Collect$$libshutdown$$0000000F)
    .ARM.Collect$$libshutdown$$00000010      0x000001c2   Section        2  libshutdown2.o(.ARM.Collect$$libshutdown$$00000010)
    .ARM.Collect$$rtentry$$00000000          0x000001c4   Section        0  __rtentry.o(.ARM.Collect$$rtentry$$00000000)
    .ARM.Collect$$rtentry$$00000002          0x000001c4   Section        0  __rtentry2.o(.ARM.Collect$$rtentry$$00000002)
    .ARM.Collect$$rtentry$$00000004          0x000001c4   Section        6  __rtentry4.o(.ARM.Collect$$rtentry$$00000004)
    .ARM.Collect$$rtentry$$00000009          0x000001ca   Section        0  __rtentry2.o(.ARM.Collect$$rtentry$$00000009)
    .ARM.Collect$$rtentry$$0000000A          0x000001ca   Section        4  __rtentry2.o(.ARM.Collect$$rtentry$$0000000A)
    .ARM.Collect$$rtentry$$0000000C          0x000001ce   Section        0  __rtentry2.o(.ARM.Collect$$rtentry$$0000000C)
    .ARM.Collect$$rtentry$$0000000D          0x000001ce   Section        8  __rtentry2.o(.ARM.Collect$$rtentry$$0000000D)
    .ARM.Collect$$rtexit$$00000000           0x000001d6   Section        2  rtexit.o(.ARM.Collect$$rtexit$$00000000)
    .ARM.Collect$$rtexit$$00000002           0x000001d8   Section        0  rtexit2.o(.ARM.Collect$$rtexit$$00000002)
    .ARM.Collect$$rtexit$$00000003           0x000001d8   Section        4  rtexit2.o(.ARM.Collect$$rtexit$$00000003)
    .ARM.Collect$$rtexit$$00000004           0x000001dc   Section        6  rtexit2.o(.ARM.Collect$$rtexit$$00000004)
    .text                                    0x000001e4   Section       60  startup_msp432.o(.text)
    $v0                                      0x000001e4   Number         0  startup_msp432.o(.text)
    .text                                    0x00000220   Section        0  heapauxi.o(.text)
    .text                                    0x00000226   Section       74  sys_stackheap_outer.o(.text)
    .text                                    0x00000270   Section        0  exit.o(.text)
    .text                                    0x00000284   Section        8  libspace.o(.text)
    .text                                    0x0000028c   Section        0  sys_exit.o(.text)
    .text                                    0x00000298   Section        2  use_no_semi.o(.text)
    .text                                    0x0000029a   Section        0  indicate_semi.o(.text)
    i.SystemInit                             0x0000029c   Section        0  system_msp432.o(i.SystemInit)
    i.main                                   0x000002c8   Section        0  blinkled.o(i.main)
    x$fpl$fpinit                             0x00000364   Section       10  fpinit.o(x$fpl$fpinit)
    $v0                                      0x00000364   Number         0  fpinit.o(x$fpl$fpinit)
    .data                                    0x20000000   Section        4  system_msp432.o(.data)
    .bss                                     0x20000004   Section       96  libspace.o(.bss)
    HEAP                                     0x20000068   Section        0  startup_msp432.o(HEAP)
    STACK                                    0x20000068   Section      512  startup_msp432.o(STACK)
    Heap_Mem                                 0x20000068   Data           0  startup_msp432.o(HEAP)
    Stack_Mem                                0x20000068   Data         512  startup_msp432.o(STACK)
    __initial_sp                             0x20000268   Data           0  startup_msp432.o(STACK)

    Global Symbols

    Symbol Name                              Value     Ov Type        Size  Object(Section)

    BuildAttributes$$THM_ISAv4$E$P$D$K$B$S$7EM$VFPi3$EXTD16$VFPS$VFMA$PE$A:L22UL41UL21$X:L11$S22US41US21$IEEE1$IW$USESV6$~STKCKD$USESV7$~SHL$OSPACE$ROPI$EBA8$UX$STANDARDLIB$REQ8$PRES8$EABIv2 0x00000000   Number         0  anon$$obj.o ABSOLUTE
    __ARM_use_no_argv                        0x00000000   Number         0  blinkled.o ABSOLUTE
    __Vectors                                0x00000000   Data           4  startup_msp432.o(RESET)
    __ARM_exceptions_init                     - Undefined Weak Reference
    __alloca_initialize                       - Undefined Weak Reference
    __arm_preinit_                            - Undefined Weak Reference
    __cpp_initialize__aeabi_                  - Undefined Weak Reference
    __cxa_finalize                            - Undefined Weak Reference
    __rt_locale                               - Undefined Weak Reference
    __sigvec_lookup                           - Undefined Weak Reference
    _atexit_init                              - Undefined Weak Reference
    _call_atexit_fns                          - Undefined Weak Reference
    _clock_init                               - Undefined Weak Reference
    _fp_trap_init                             - Undefined Weak Reference
    _fp_trap_shutdown                         - Undefined Weak Reference
    _get_lc_collate                           - Undefined Weak Reference
    _get_lc_ctype                             - Undefined Weak Reference
    _get_lc_monetary                          - Undefined Weak Reference
    _get_lc_numeric                           - Undefined Weak Reference
    _get_lc_time                              - Undefined Weak Reference
    _getenv_init                              - Undefined Weak Reference
    _handle_redirection                       - Undefined Weak Reference
    _init_alloc                               - Undefined Weak Reference
    _init_user_alloc                          - Undefined Weak Reference
    _initio                                   - Undefined Weak Reference
    _rand_init                                - Undefined Weak Reference
    _signal_finish                            - Undefined Weak Reference
    _signal_init                              - Undefined Weak Reference
    _terminate_alloc                          - Undefined Weak Reference
    _terminate_user_alloc                     - Undefined Weak Reference
    _terminateio                              - Undefined Weak Reference
    __Vectors_End                            0x00000144   Data           0  startup_msp432.o(RESET)
    __Vectors_Size                           0x00000144   Number         0  startup_msp432.o ABSOLUTE
    __main                                   0x00000145   Thumb Code     8  __main.o(!!!main)
    __scatterload                            0x0000014d   Thumb Code     0  __scatter.o(!!!scatter)
    __scatterload_rt2                        0x0000014d   Thumb Code    44  __scatter.o(!!!scatter)
    __scatterload_rt2_thumb_only             0x0000014d   Thumb Code     0  __scatter.o(!!!scatter)
    __scatterload_null                       0x0000015b   Thumb Code     0  __scatter.o(!!!scatter)
    __scatterload_copy                       0x00000181   Thumb Code    26  __scatter_copy.o(!!handler_copy)
    __scatterload_zeroinit                   0x0000019d   Thumb Code    28  __scatter_zi.o(!!handler_zi)
    __rt_lib_init                            0x000001b9   Thumb Code     0  libinit.o(.ARM.Collect$$libinit$$00000000)
    __rt_lib_init_fp_1                       0x000001bb   Thumb Code     0  libinit2.o(.ARM.Collect$$libinit$$00000001)
    __rt_lib_init_alloca_1                   0x000001bf   Thumb Code     0  libinit2.o(.ARM.Collect$$libinit$$0000002E)
    __rt_lib_init_argv_1                     0x000001bf   Thumb Code     0  libinit2.o(.ARM.Collect$$libinit$$0000002C)
    __rt_lib_init_atexit_1                   0x000001bf   Thumb Code     0  libinit2.o(.ARM.Collect$$libinit$$0000001B)
    __rt_lib_init_clock_1                    0x000001bf   Thumb Code     0  libinit2.o(.ARM.Collect$$libinit$$00000021)
    __rt_lib_init_cpp_1                      0x000001bf   Thumb Code     0  libinit2.o(.ARM.Collect$$libinit$$00000032)
    __rt_lib_init_exceptions_1               0x000001bf   Thumb Code     0  libinit2.o(.ARM.Collect$$libinit$$00000030)
    __rt_lib_init_fp_trap_1                  0x000001bf   Thumb Code     0  libinit2.o(.ARM.Collect$$libinit$$0000001F)
    __rt_lib_init_getenv_1                   0x000001bf   Thumb Code     0  libinit2.o(.ARM.Collect$$libinit$$00000023)
    __rt_lib_init_heap_1                     0x000001bf   Thumb Code     0  libinit2.o(.ARM.Collect$$libinit$$0000000A)
    __rt_lib_init_lc_collate_1               0x000001bf   Thumb Code     0  libinit2.o(.ARM.Collect$$libinit$$00000011)
    __rt_lib_init_lc_ctype_1                 0x000001bf   Thumb Code     0  libinit2.o(.ARM.Collect$$libinit$$00000013)
    __rt_lib_init_lc_monetary_1              0x000001bf   Thumb Code     0  libinit2.o(.ARM.Collect$$libinit$$00000015)
    __rt_lib_init_lc_numeric_1               0x000001bf   Thumb Code     0  libinit2.o(.ARM.Collect$$libinit$$00000017)
    __rt_lib_init_lc_time_1                  0x000001bf   Thumb Code     0  libinit2.o(.ARM.Collect$$libinit$$00000019)
    __rt_lib_init_preinit_1                  0x000001bf   Thumb Code     0  libinit2.o(.ARM.Collect$$libinit$$00000004)
    __rt_lib_init_rand_1                     0x000001bf   Thumb Code     0  libinit2.o(.ARM.Collect$$libinit$$0000000E)
    __rt_lib_init_return                     0x000001bf   Thumb Code     0  libinit2.o(.ARM.Collect$$libinit$$00000033)
    __rt_lib_init_signal_1                   0x000001bf   Thumb Code     0  libinit2.o(.ARM.Collect$$libinit$$0000001D)
    __rt_lib_init_stdio_1                    0x000001bf   Thumb Code     0  libinit2.o(.ARM.Collect$$libinit$$00000025)
    __rt_lib_init_user_alloc_1               0x000001bf   Thumb Code     0  libinit2.o(.ARM.Collect$$libinit$$0000000C)
    __rt_lib_shutdown                        0x000001c1   Thumb Code     0  libshutdown.o(.ARM.Collect$$libshutdown$$00000000)
    __rt_lib_shutdown_cpp_1                  0x000001c3   Thumb Code     0  libshutdown2.o(.ARM.Collect$$libshutdown$$00000002)
    __rt_lib_shutdown_fp_trap_1              0x000001c3   Thumb Code     0  libshutdown2.o(.ARM.Collect$$libshutdown$$00000007)
    __rt_lib_shutdown_heap_1                 0x000001c3   Thumb Code     0  libshutdown2.o(.ARM.Collect$$libshutdown$$0000000F)
    __rt_lib_shutdown_return                 0x000001c3   Thumb Code     0  libshutdown2.o(.ARM.Collect$$libshutdown$$00000010)
    __rt_lib_shutdown_signal_1               0x000001c3   Thumb Code     0  libshutdown2.o(.ARM.Collect$$libshutdown$$0000000A)
    __rt_lib_shutdown_stdio_1                0x000001c3   Thumb Code     0  libshutdown2.o(.ARM.Collect$$libshutdown$$00000004)
    __rt_lib_shutdown_user_alloc_1           0x000001c3   Thumb Code     0  libshutdown2.o(.ARM.Collect$$libshutdown$$0000000C)
    __rt_entry                               0x000001c5   Thumb Code     0  __rtentry.o(.ARM.Collect$$rtentry$$00000000)
    __rt_entry_presh_1                       0x000001c5   Thumb Code     0  __rtentry2.o(.ARM.Collect$$rtentry$$00000002)
    __rt_entry_sh                            0x000001c5   Thumb Code     0  __rtentry4.o(.ARM.Collect$$rtentry$$00000004)
    __rt_entry_li                            0x000001cb   Thumb Code     0  __rtentry2.o(.ARM.Collect$$rtentry$$0000000A)
    __rt_entry_postsh_1                      0x000001cb   Thumb Code     0  __rtentry2.o(.ARM.Collect$$rtentry$$00000009)
    __rt_entry_main                          0x000001cf   Thumb Code     0  __rtentry2.o(.ARM.Collect$$rtentry$$0000000D)
    __rt_entry_postli_1                      0x000001cf   Thumb Code     0  __rtentry2.o(.ARM.Collect$$rtentry$$0000000C)
    __rt_exit                                0x000001d7   Thumb Code     0  rtexit.o(.ARM.Collect$$rtexit$$00000000)
    __rt_exit_ls                             0x000001d9   Thumb Code     0  rtexit2.o(.ARM.Collect$$rtexit$$00000003)
    __rt_exit_prels_1                        0x000001d9   Thumb Code     0  rtexit2.o(.ARM.Collect$$rtexit$$00000002)
    __rt_exit_exit                           0x000001dd   Thumb Code     0  rtexit2.o(.ARM.Collect$$rtexit$$00000004)
    Reset_Handler                            0x000001e5   Thumb Code     8  startup_msp432.o(.text)
    NMI_Handler                              0x000001ed   Thumb Code     2  startup_msp432.o(.text)
    HardFault_Handler                        0x000001ef   Thumb Code     2  startup_msp432.o(.text)
    MemManage_Handler                        0x000001f1   Thumb Code     2  startup_msp432.o(.text)
    BusFault_Handler                         0x000001f3   Thumb Code     2  startup_msp432.o(.text)
    UsageFault_Handler                       0x000001f5   Thumb Code     2  startup_msp432.o(.text)
    SVC_Handler                              0x000001f7   Thumb Code     2  startup_msp432.o(.text)
    DebugMon_Handler                         0x000001f9   Thumb Code     2  startup_msp432.o(.text)
    PendSV_Handler                           0x000001fb   Thumb Code     2  startup_msp432.o(.text)
    SysTick_Handler                          0x000001fd   Thumb Code     2  startup_msp432.o(.text)
    ADC14_IRQHandler                         0x000001ff   Thumb Code     0  startup_msp432.o(.text)
    AES256_IRQHandler                        0x000001ff   Thumb Code     0  startup_msp432.o(.text)
    COMP_E0_IRQHandler                       0x000001ff   Thumb Code     0  startup_msp432.o(.text)
    COMP_E1_IRQHandler                       0x000001ff   Thumb Code     0  startup_msp432.o(.text)
    CS_IRQHandler                            0x000001ff   Thumb Code     0  startup_msp432.o(.text)
    DMA_ERR_IRQHandler                       0x000001ff   Thumb Code     0  startup_msp432.o(.text)
    DMA_INT0_IRQHandler                      0x000001ff   Thumb Code     0  startup_msp432.o(.text)
    DMA_INT1_IRQHandler                      0x000001ff   Thumb Code     0  startup_msp432.o(.text)
    DMA_INT2_IRQHandler                      0x000001ff   Thumb Code     0  startup_msp432.o(.text)
    DMA_INT3_IRQHandler                      0x000001ff   Thumb Code     0  startup_msp432.o(.text)
    EUSCIA0_IRQHandler                       0x000001ff   Thumb Code     0  startup_msp432.o(.text)
    EUSCIA1_IRQHandler                       0x000001ff   Thumb Code     0  startup_msp432.o(.text)
    EUSCIA2_IRQHandler                       0x000001ff   Thumb Code     0  startup_msp432.o(.text)
    EUSCIA3_IRQHandler                       0x000001ff   Thumb Code     0  startup_msp432.o(.text)
    EUSCIB0_IRQHandler                       0x000001ff   Thumb Code     0  startup_msp432.o(.text)
    EUSCIB1_IRQHandler                       0x000001ff   Thumb Code     0  startup_msp432.o(.text)
    EUSCIB2_IRQHandler                       0x000001ff   Thumb Code     0  startup_msp432.o(.text)
    EUSCIB3_IRQHandler                       0x000001ff   Thumb Code     0  startup_msp432.o(.text)
    FLCTL_IRQHandler                         0x000001ff   Thumb Code     0  startup_msp432.o(.text)
    FPU_IRQHandler                           0x000001ff   Thumb Code     0  startup_msp432.o(.text)
    PCM_IRQHandler                           0x000001ff   Thumb Code     0  startup_msp432.o(.text)
    PORT1_IRQHandler                         0x000001ff   Thumb Code     0  startup_msp432.o(.text)
    PORT2_IRQHandler                         0x000001ff   Thumb Code     0  startup_msp432.o(.text)
    PORT3_IRQHandler                         0x000001ff   Thumb Code     0  startup_msp432.o(.text)
    PORT4_IRQHandler                         0x000001ff   Thumb Code     0  startup_msp432.o(.text)
    PORT5_IRQHandler                         0x000001ff   Thumb Code     0  startup_msp432.o(.text)
    PORT6_IRQHandler                         0x000001ff   Thumb Code     0  startup_msp432.o(.text)
    PSS_IRQHandler                           0x000001ff   Thumb Code     0  startup_msp432.o(.text)
    RTC_C_IRQHandler                         0x000001ff   Thumb Code     0  startup_msp432.o(.text)
    T32_INT1_IRQHandler                      0x000001ff   Thumb Code     0  startup_msp432.o(.text)
    T32_INT2_IRQHandler                      0x000001ff   Thumb Code     0  startup_msp432.o(.text)
    T32_INTC_IRQHandler                      0x000001ff   Thumb Code     0  startup_msp432.o(.text)
    TA0_0_IRQHandler                         0x000001ff   Thumb Code     0  startup_msp432.o(.text)
    TA0_N_IRQHandler                         0x000001ff   Thumb Code     0  startup_msp432.o(.text)
    TA1_0_IRQHandler                         0x000001ff   Thumb Code     0  startup_msp432.o(.text)
    TA1_N_IRQHandler                         0x000001ff   Thumb Code     0  startup_msp432.o(.text)
    TA2_0_IRQHandler                         0x000001ff   Thumb Code     0  startup_msp432.o(.text)
    TA2_N_IRQHandler                         0x000001ff   Thumb Code     0  startup_msp432.o(.text)
    TA3_0_IRQHandler                         0x000001ff   Thumb Code     0  startup_msp432.o(.text)
    TA3_N_IRQHandler                         0x000001ff   Thumb Code     0  startup_msp432.o(.text)
    WDT_A_IRQHandler                         0x000001ff   Thumb Code     0  startup_msp432.o(.text)
    __user_initial_stackheap                 0x00000201   Thumb Code    10  startup_msp432.o(.text)
    __use_two_region_memory                  0x00000221   Thumb Code     2  heapauxi.o(.text)
    __rt_heap_escrow$2region                 0x00000223   Thumb Code     2  heapauxi.o(.text)
    __rt_heap_expand$2region                 0x00000225   Thumb Code     2  heapauxi.o(.text)
    __user_setup_stackheap                   0x00000227   Thumb Code    74  sys_stackheap_outer.o(.text)
    exit                                     0x00000271   Thumb Code    18  exit.o(.text)
    __user_libspace                          0x00000285   Thumb Code     8  libspace.o(.text)
    __user_perproc_libspace                  0x00000285   Thumb Code     0  libspace.o(.text)
    __user_perthread_libspace                0x00000285   Thumb Code     0  libspace.o(.text)
    _sys_exit                                0x0000028d   Thumb Code     8  sys_exit.o(.text)
    __I$use$semihosting                      0x00000299   Thumb Code     0  use_no_semi.o(.text)
    __use_no_semihosting_swi                 0x00000299   Thumb Code     2  use_no_semi.o(.text)
    __semihosting_library_function           0x0000029b   Thumb Code     0  indicate_semi.o(.text)
    SystemInit                               0x0000029d   Thumb Code    28  system_msp432.o(i.SystemInit)
    main                                     0x000002c9   Thumb Code   138  blinkled.o(i.main)
    _fp_init                                 0x00000365   Thumb Code    10  fpinit.o(x$fpl$fpinit)
    __fplib_config_fpu_vfp                   0x0000036d   Thumb Code     0  fpinit.o(x$fpl$fpinit)
    __fplib_config_pureend_doubles           0x0000036d   Thumb Code     0  fpinit.o(x$fpl$fpinit)
    Region$$Table$$Base                      0x00000370   Number         0  anon$$obj.o(Region$$Table)
    Region$$Table$$Limit                     0x00000390   Number         0  anon$$obj.o(Region$$Table)
    SystemCoreClock                          0x20000000   Data           4  system_msp432.o(.data)
    __libspace_start                         0x20000004   Data          96  libspace.o(.bss)
    __temporary_stack_top$libspace           0x20000064   Data           0  libspace.o(.bss)



==============================================================================

Memory Map of the image

  Image Entry point : 0x000001e5

  Load Region LR_1 (Base: 0x00000000, Size: 0x00000394, Max: 0xffffffff, ABSOLUTE)

    Execution Region ER_RO (Base: 0x00000000, Size: 0x00000390, Max: 0xffffffff, ABSOLUTE)

    Base Addr    Size         Type   Attr      Idx    E Section Name        Object

    0x00000000   0x00000144   Data   RO           68    RESET               startup_msp432.o
    0x00000144   0x00000008   Code   RO          113  * !!!main             c_w.l(__main.o)
    0x0000014c   0x00000034   Code   RO          270    !!!scatter          c_w.l(__scatter.o)
    0x00000180   0x0000001a   Code   RO          272    !!handler_copy      c_w.l(__scatter_copy.o)
    0x0000019a   0x00000002   PAD
    0x0000019c   0x0000001c   Code   RO          274    !!handler_zi        c_w.l(__scatter_zi.o)
    0x000001b8   0x00000002   Code   RO          140    .ARM.Collect$$libinit$$00000000  c_w.l(libinit.o)
    0x000001ba   0x00000004   Code   RO          146    .ARM.Collect$$libinit$$00000001  c_w.l(libinit2.o)
    0x000001be   0x00000000   Code   RO          149    .ARM.Collect$$libinit$$00000004  c_w.l(libinit2.o)
    0x000001be   0x00000000   Code   RO          152    .ARM.Collect$$libinit$$0000000A  c_w.l(libinit2.o)
    0x000001be   0x00000000   Code   RO          154    .ARM.Collect$$libinit$$0000000C  c_w.l(libinit2.o)
    0x000001be   0x00000000   Code   RO          156    .ARM.Collect$$libinit$$0000000E  c_w.l(libinit2.o)
    0x000001be   0x00000000   Code   RO          159    .ARM.Collect$$libinit$$00000011  c_w.l(libinit2.o)
    0x000001be   0x00000000   Code   RO          161    .ARM.Collect$$libinit$$00000013  c_w.l(libinit2.o)
    0x000001be   0x00000000   Code   RO          163    .ARM.Collect$$libinit$$00000015  c_w.l(libinit2.o)
    0x000001be   0x00000000   Code   RO          165    .ARM.Collect$$libinit$$00000017  c_w.l(libinit2.o)
    0x000001be   0x00000000   Code   RO          167    .ARM.Collect$$libinit$$00000019  c_w.l(libinit2.o)
    0x000001be   0x00000000   Code   RO          169    .ARM.Collect$$libinit$$0000001B  c_w.l(libinit2.o)
    0x000001be   0x00000000   Code   RO          171    .ARM.Collect$$libinit$$0000001D  c_w.l(libinit2.o)
    0x000001be   0x00000000   Code   RO          173    .ARM.Collect$$libinit$$0000001F  c_w.l(libinit2.o)
    0x000001be   0x00000000   Code   RO          175    .ARM.Collect$$libinit$$00000021  c_w.l(libinit2.o)
    0x000001be   0x00000000   Code   RO          177    .ARM.Collect$$libinit$$00000023  c_w.l(libinit2.o)
    0x000001be   0x00000000   Code   RO          179    .ARM.Collect$$libinit$$00000025  c_w.l(libinit2.o)
    0x000001be   0x00000000   Code   RO          183    .ARM.Collect$$libinit$$0000002C  c_w.l(libinit2.o)
    0x000001be   0x00000000   Code   RO          185    .ARM.Collect$$libinit$$0000002E  c_w.l(libinit2.o)
    0x000001be   0x00000000   Code   RO          187    .ARM.Collect$$libinit$$00000030  c_w.l(libinit2.o)
    0x000001be   0x00000000   Code   RO          189    .ARM.Collect$$libinit$$00000032  c_w.l(libinit2.o)
    0x000001be   0x00000002   Code   RO          190    .ARM.Collect$$libinit$$00000033  c_w.l(libinit2.o)
    0x000001c0   0x00000002   Code   RO          210    .ARM.Collect$$libshutdown$$00000000  c_w.l(libshutdown.o)
    0x000001c2   0x00000000   Code   RO          223    .ARM.Collect$$libshutdown$$00000002  c_w.l(libshutdown2.o)
    0x000001c2   0x00000000   Code   RO          225    .ARM.Collect$$libshutdown$$00000004  c_w.l(libshutdown2.o)
    0x000001c2   0x00000000   Code   RO          228    .ARM.Collect$$libshutdown$$00000007  c_w.l(libshutdown2.o)
    0x000001c2   0x00000000   Code   RO          231    .ARM.Collect$$libshutdown$$0000000A  c_w.l(libshutdown2.o)
    0x000001c2   0x00000000   Code   RO          233    .ARM.Collect$$libshutdown$$0000000C  c_w.l(libshutdown2.o)
    0x000001c2   0x00000000   Code   RO          236    .ARM.Collect$$libshutdown$$0000000F  c_w.l(libshutdown2.o)
    0x000001c2   0x00000002   Code   RO          237    .ARM.Collect$$libshutdown$$00000010  c_w.l(libshutdown2.o)
    0x000001c4   0x00000000   Code   RO          115    .ARM.Collect$$rtentry$$00000000  c_w.l(__rtentry.o)
    0x000001c4   0x00000000   Code   RO          117    .ARM.Collect$$rtentry$$00000002  c_w.l(__rtentry2.o)
    0x000001c4   0x00000006   Code   RO          129    .ARM.Collect$$rtentry$$00000004  c_w.l(__rtentry4.o)
    0x000001ca   0x00000000   Code   RO          119    .ARM.Collect$$rtentry$$00000009  c_w.l(__rtentry2.o)
    0x000001ca   0x00000004   Code   RO          120    .ARM.Collect$$rtentry$$0000000A  c_w.l(__rtentry2.o)
    0x000001ce   0x00000000   Code   RO          122    .ARM.Collect$$rtentry$$0000000C  c_w.l(__rtentry2.o)
    0x000001ce   0x00000008   Code   RO          123    .ARM.Collect$$rtentry$$0000000D  c_w.l(__rtentry2.o)
    0x000001d6   0x00000002   Code   RO          144    .ARM.Collect$$rtexit$$00000000  c_w.l(rtexit.o)
    0x000001d8   0x00000000   Code   RO          192    .ARM.Collect$$rtexit$$00000002  c_w.l(rtexit2.o)
    0x000001d8   0x00000004   Code   RO          193    .ARM.Collect$$rtexit$$00000003  c_w.l(rtexit2.o)
    0x000001dc   0x00000006   Code   RO          194    .ARM.Collect$$rtexit$$00000004  c_w.l(rtexit2.o)
    0x000001e2   0x00000002   PAD
    0x000001e4   0x0000003c   Code   RO           69  * .text               startup_msp432.o
    0x00000220   0x00000006   Code   RO          111    .text               c_w.l(heapauxi.o)
    0x00000226   0x0000004a   Code   RO          131    .text               c_w.l(sys_stackheap_outer.o)
    0x00000270   0x00000012   Code   RO          133    .text               c_w.l(exit.o)
    0x00000282   0x00000002   PAD
    0x00000284   0x00000008   Code   RO          141    .text               c_w.l(libspace.o)
    0x0000028c   0x0000000c   Code   RO          202    .text               c_w.l(sys_exit.o)
    0x00000298   0x00000002   Code   RO          213    .text               c_w.l(use_no_semi.o)
    0x0000029a   0x00000000   Code   RO          215    .text               c_w.l(indicate_semi.o)
    0x0000029a   0x00000002   PAD
    0x0000029c   0x0000002c   Code   RO           77    i.SystemInit        system_msp432.o
    0x000002c8   0x0000009c   Code   RO            5    i.main              blinkled.o
    0x00000364   0x0000000a   Code   RO          200    x$fpl$fpinit        fz_wm.l(fpinit.o)
    0x0000036e   0x00000002   PAD
    0x00000370   0x00000020   Data   RO          268    Region$$Table       anon$$obj.o


    Execution Region ER_RW (Base: 0x20000000, Size: 0x00000004, Max: 0xffffffff, ABSOLUTE)

    Base Addr    Size         Type   Attr      Idx    E Section Name        Object

    0x20000000   0x00000004   Data   RW           78    .data               system_msp432.o


    Execution Region ER_ZI (Base: 0x20000004, Size: 0x00000264, Max: 0xffffffff, ABSOLUTE)

    Base Addr    Size         Type   Attr      Idx    E Section Name        Object

    0x20000004   0x00000060   Zero   RW          142    .bss                c_w.l(libspace.o)
    0x20000064   0x00000004   PAD
    0x20000068   0x00000000   Zero   RW           67    HEAP                startup_msp432.o
    0x20000068   0x00000200   Zero   RW           66    STACK               startup_msp432.o


==============================================================================

Image component sizes


      Code (inc. data)   RO Data    RW Data    ZI Data      Debug   Object Name

       156         18          0          0          0       4979   blinkled.o
        60         22        324          0        512        880   startup_msp432.o
        44         16          0          4          0        695   system_msp432.o

    ----------------------------------------------------------------------
       260         56        356          4        512       6554   Object Totals
         0          0         32          0          0          0   (incl. Generated)
         0          0          0          0          0          0   (incl. Padding)

    ----------------------------------------------------------------------

      Code (inc. data)   RO Data    RW Data    ZI Data      Debug   Library Member Name

         8          0          0          0          0         68   __main.o
         0          0          0          0          0          0   __rtentry.o
        12          0          0          0          0          0   __rtentry2.o
         6          0          0          0          0          0   __rtentry4.o
        52          8          0          0          0          0   __scatter.o
        26          0          0          0          0          0   __scatter_copy.o
        28          0          0          0          0          0   __scatter_zi.o
        18          0          0          0          0         80   exit.o
         6          0          0          0          0        152   heapauxi.o
         0          0          0          0          0          0   indicate_semi.o
         2          0          0          0          0          0   libinit.o
         6          0          0          0          0          0   libinit2.o
         2          0          0          0          0          0   libshutdown.o
         2          0          0          0          0          0   libshutdown2.o
         8          4          0          0         96         68   libspace.o
         2          0          0          0          0          0   rtexit.o
        10          0          0          0          0          0   rtexit2.o
        12          4          0          0          0         68   sys_exit.o
        74          0          0          0          0         80   sys_stackheap_outer.o
         2          0          0          0          0         68   use_no_semi.o
        10          0          0          0          0        116   fpinit.o

    ----------------------------------------------------------------------
       296         16          0          0        100        700   Library Totals
        10          0          0          0          4          0   (incl. Padding)

    ----------------------------------------------------------------------

      Code (inc. data)   RO Data    RW Data    ZI Data      Debug   Library Name

       276         16          0          0         96        584   c_w.l
        10          0          0          0          0        116   fz_wm.l

    ----------------------------------------------------------------------
       296         16          0          0        100        700   Library Totals

    ----------------------------------------------------------------------

==============================================================================


      Code (inc. data)   RO Data    RW Data    ZI Data      Debug   

       556         72        356          4        612       6998   Grand Totals
       556         72        356          4        612       6998   ELF Image Totals
       556         72        356          4          0          0   ROM Totals

==============================================================================

    Total RO  Size (Code + RO Data)                  912 (   0.89kB)
    Total RW  Size (RW Data + ZI Data)               616 (   0.60kB)
    Total ROM Size (Code + RO Data + RW Data)        916 (   0.89kB)

==============================================================================

